src/features/chat/screens/AiChatScreen.tsx(20,10): error TS2305: Module '"@/database/actions"' has no exported member 'sendMessage'.
src/features/college/screens/CollegeInfoScreen.tsx(84,110): error TS2339: Property 'length' does not exist on type 'never'.
src/features/forum/hooks/useForumInteractions.ts(7,3): error TS2724: '"@/database/actions"' has no exported member named 'createPost'. Did you mean 'createNote'?
src/features/forum/hooks/useForumInteractions.ts(8,3): error TS2724: '"@/database/actions"' has no exported member named 'deletePost'. Did you mean 'deleteNote'?
src/features/forum/hooks/useForumInteractions.ts(9,3): error TS2305: Module '"@/database/actions"' has no exported member 'togglePostInteraction'.
src/features/forum/hooks/useForumInteractions.ts(10,3): error TS2305: Module '"@/database/actions"' has no exported member 'createComment'.
src/features/forum/screens/ForumScreen.tsx(620,60): error TS2551: Property 'catch' does not exist on type 'PostgrestFilterBuilder<any, any, any, any, "sq_increment_view", null, "RPC">'. Did you mean 'match'?
